------------------------------------------------------------
TimeQuest Timing Analyzer Summary
------------------------------------------------------------

Type  : Slow 1100mV 85C Model Setup 'Enter'
Slack : -0.165
TNS   : -0.292

Type  : Slow 1100mV 85C Model Hold 'Enter'
Slack : 0.463
TNS   : 0.000

Type  : Slow 1100mV 85C Model Minimum Pulse Width 'Enter'
Slack : -0.538
TNS   : -1.847

Type  : Slow 1100mV 0C Model Setup 'Enter'
Slack : -0.232
TNS   : -0.394

Type  : Slow 1100mV 0C Model Hold 'Enter'
Slack : 0.492
TNS   : 0.000

Type  : Slow 1100mV 0C Model Minimum Pulse Width 'Enter'
Slack : -0.538
TNS   : -1.676

Type  : Fast 1100mV 85C Model Setup 'Enter'
Slack : 0.364
TNS   : 0.000

Type  : Fast 1100mV 85C Model Hold 'Enter'
Slack : 0.181
TNS   : 0.000

Type  : Fast 1100mV 85C Model Minimum Pulse Width 'Enter'
Slack : -0.358
TNS   : -0.976

Type  : Fast 1100mV 0C Model Setup 'Enter'
Slack : 0.414
TNS   : 0.000

Type  : Fast 1100mV 0C Model Hold 'Enter'
Slack : 0.173
TNS   : 0.000

Type  : Fast 1100mV 0C Model Minimum Pulse Width 'Enter'
Slack : -0.325
TNS   : -0.837

------------------------------------------------------------
